// Jest Snapshot v1, https://goo.gl/fbAQLP

exports[`<PopUp> should render pop up with error 1`] = `"<div style=\\"background-color: rgba(255, 255, 255, 0.5); position: fixed; display: flex; justify-content: center; align-items: center; top: 0px; left: 0px; right: 0px; bottom: 0px;\\"><div style=\\"justify-content: center; align-items: center; position: absolute; display: flex; flex-direction: column; padding: 10px; background-color: rgb(11, 29, 45);\\"><p style=\\"color: rgb(97, 218, 251); font-family: sans-serif; margin: 10px 20px 10px 20px;\\">the room is full</p><a style=\\"font-family: sans-serif; background-color: white; padding: 5px; color: black; text-decoration: none; border-radius: 5px;\\" href=\\"/\\">Login Page</a></div></div>"`;
